$ vim daemonset.yml 

$ kubectl create -f daemonset.yml --record 
daemonset.apps/prometheus-daemonset created

$ kubectl get daemonsets/prometheus-daemonset
NAME                   DESIRED   CURRENT   READY   UP-TO-DATE   AVAILABLE   NODE SELECTOR   AGE
prometheus-daemonset   1         1         1       1            1           <none>          15s

$ kubectl describe daemonset/prometheus-daemonset
Name:           prometheus-daemonset
Selector:       name=prometheus-exporter,tier=monitoring
Node-Selector:  <none>
Labels:         <none>
Annotations:    deprecated.daemonset.template.generation: 1
                kubernetes.io/change-cause: kubectl create --filename=daemonset.yml --record=true
Desired Number of Nodes Scheduled: 1
Current Number of Nodes Scheduled: 1
Number of Nodes Scheduled with Up-to-date Pods: 1
Number of Nodes Scheduled with Available Pods: 1
Number of Nodes Misscheduled: 0
Pods Status:  1 Running / 0 Waiting / 0 Succeeded / 0 Failed
Pod Template:
  Labels:  name=prometheus-exporter
           tier=monitoring
  Containers:
   prometheus:
    Image:        prom/node-exporter
    Port:         80/TCP
    Host Port:    0/TCP
    Environment:  <none>
    Mounts:       <none>
  Volumes:        <none>
Events:
  Type    Reason            Age   From                  Message
  ----    ------            ----  ----                  -------
  Normal  SuccessfulCreate  31s   daemonset-controller  Created pod: prometheus-daemonset-8nmgl

$ kubectl get pods -lname=prometheus-exporter
NAME                         READY   STATUS    RESTARTS   AGE
prometheus-daemonset-8nmgl   1/1     Running   0          56s

$ kubectl delete -f daemonset.yml 
daemonset.apps "prometheus-daemonset" deleted