
varad_ahirwadkar@ARPGL004752 MINGW64 ~/Desktop/git_demo
$ git init
Initialized empty Git repository in C:/Users/varad_ahirwadkar/Desktop/git_demo/.git/

varad_ahirwadkar@ARPGL004752 MINGW64 ~/Desktop/git_demo (master)
$ git status
On branch master

No commits yet

nothing to commit (create/copy files and use "git add" to track)

varad_ahirwadkar@ARPGL004752 MINGW64 ~/Desktop/git_demo (master)
$ git remote -v

varad_ahirwadkar@ARPGL004752 MINGW64 ~/Desktop/git_demo (master)
$ git config --list
diff.astextplain.textconv=astextplain
filter.lfs.clean=git-lfs clean -- %f
filter.lfs.smudge=git-lfs smudge -- %f
filter.lfs.process=git-lfs filter-process
filter.lfs.required=true
http.sslbackend=openssl
http.sslcainfo=C:/Program Files/Git/mingw64/ssl/certs/ca-bundle.crt
core.autocrlf=true
core.fscache=true
core.symlinks=false
pull.rebase=false
credential.helper=manager-core
credential.https://dev.azure.com.usehttppath=true
init.defaultbranch=master
core.repositoryformatversion=0
core.filemode=false
core.bare=false
core.logallrefupdates=true
core.symlinks=false
core.ignorecase=true

varad_ahirwadkar@ARPGL004752 MINGW64 ~/Desktop/git_demo (master)
$ git config --global user.name "Varad Ahirwadkar"

varad_ahirwadkar@ARPGL004752 MINGW64 ~/Desktop/git_demo (master)
$ git config --list
diff.astextplain.textconv=astextplain
filter.lfs.clean=git-lfs clean -- %f
filter.lfs.smudge=git-lfs smudge -- %f
filter.lfs.process=git-lfs filter-process
filter.lfs.required=true
http.sslbackend=openssl
http.sslcainfo=C:/Program Files/Git/mingw64/ssl/certs/ca-bundle.crt
core.autocrlf=true
core.fscache=true
core.symlinks=false
pull.rebase=false
credential.helper=manager-core
credential.https://dev.azure.com.usehttppath=true
init.defaultbranch=master
user.name=Varad Ahirwadkar
core.repositoryformatversion=0
core.filemode=false
core.bare=false
core.logallrefupdates=true
core.symlinks=false
core.ignorecase=true

varad_ahirwadkar@ARPGL004752 MINGW64 ~/Desktop/git_demo (master)
$ git config --global user.email "varad.ahirwadkar368@gmail.com"

varad_ahirwadkar@ARPGL004752 MINGW64 ~/Desktop/git_demo (master)
$ git status
On branch master

No commits yet

Untracked files:
  (use "git add <file>..." to include in what will be committed)
        first_file.txt

nothing added to commit but untracked files present (use "git add" to track)
varad_ahirwadkar@ARPGL004752 MINGW64 ~/Desktop/git_demo (master)
$ git add first_file.txt

varad_ahirwadkar@ARPGL004752 MINGW64 ~/Desktop/git_demo (master)
$ git status
On branch master

No commits yet

Changes to be committed:
  (use "git rm --cached <file>..." to unstage)
        new file:   first_file.txt


varad_ahirwadkar@ARPGL004752 MINGW64 ~/Desktop/git_demo (master)
$ git commit -m "v1: First commit"
[master (root-commit) 472a160] v1: First commit
 1 file changed, 1 insertion(+)
 create mode 100644 first_file.txt

varad_ahirwadkar@ARPGL004752 MINGW64 ~/Desktop/git_demo (master)
$ git status
On branch master
nothing to commit, working tree clean

varad_ahirwadkar@ARPGL004752 MINGW64 ~/Desktop/git_demo (master)
$ git status
On branch master
Changes not staged for commit:
  (use "git add <file>..." to update what will be committed)
  (use "git restore <file>..." to discard changes in working directory)
        modified:   first_file.txt

varad_ahirwadkar@ARPGL004752 MINGW64 ~/Desktop/git_demo (master))
$ git commit -am "v1.1: made one change "
[master 35282e4] v1.1: made one change
 1 file changed, 2 insertions(+), 1 deletion(-)

varad_ahirwadkar@ARPGL004752 MINGW64 ~/Desktop/git_demo (master)
$ git log
commit 35282e41906d4c831751f419a5b072b5eaaaf848 (HEAD -> master)
Author: Varad Ahirwadkar <varad.ahirwadkar368@gmail.com>
Date:   Fri Jun 25 14:50:06 2021 +0530

    v1.1: made one change

commit 472a160549e1f01cb0e3aad06054a6f30afded46
Author: Varad Ahirwadkar <varad.ahirwadkar368@gmail.com>
Date:   Fri Jun 25 14:48:48 2021 +0530

    v1: First commit

varad_ahirwadkar@ARPGL004752 MINGW64 ~/Desktop/git_demo (master)
$ git log -oneline
fatal: unrecognized argument: -oneline

varad_ahirwadkar@ARPGL004752 MINGW64 ~/Desktop/git_demo (master)
$ git log --oneline
35282e4 (HEAD -> master) v1.1: made one change
472a160 v1: First commit

varad_ahirwadkar@ARPGL004752 MINGW64 ~/Desktop/git_demo (master)
$ git dif
git: 'dif' is not a git command. See 'git --help'.

The most similar commands are
        diff
        config
        difftool
        init
varad_ahirwadkar@ARPGL004752 MINGW64 ~/Desktop/git_demo (master)
$ git diff
diff --git a/first_file.txt b/first_file.txt
index b25c8e7..0cbc63d 100644
--- a/first_file.txt
+++ b/first_file.txt
@@ -1,2 +1,3 @@
-One file demo
-1 . Made changes
\ No newline at end of file
+----------One file demo---------
+1 . Made Changes
+2 . Made Changes
\ No newline at end of file

varad_ahirwadkar@ARPGL004752 MINGW64 ~/Desktop/git_demo (master)
$ git add
Nothing specified, nothing added.
hint: Maybe you wanted to say 'git add .'?
hint: Turn this message off by running
hint: "git config advice.addEmptyPathspec false"

varad_ahirwadkar@ARPGL004752 MINGW64 ~/Desktop/git_demo (master)
$ git add first_file.txt

varad_ahirwadkar@ARPGL004752 MINGW64 ~/Desktop/git_demo (master)
$ git diff

varad_ahirwadkar@ARPGL004752 MINGW64 ~/Desktop/git_demo (master)
$ git diff
diff --git a/first_file.txt b/first_file.txt
index 0cbc63d..cc0b692 100644
--- a/first_file.txt
+++ b/first_file.txt
@@ -1,3 +1,3 @@
 ----------One file demo---------
 1 . Made Changes
-2 . Made Changes
\ No newline at end of file
+2 . Made Changes ----   save
\ No newline at end of file

varad_ahirwadkar@ARPGL004752 MINGW64 ~/Desktop/git_demo (master)
$ git diff
diff --git a/first_file.txt b/first_file.txt
index 0cbc63d..7b3992d 100644
--- a/first_file.txt
+++ b/first_file.txt
@@ -1,3 +1,3 @@
 ----------One file demo---------
 1 . Made Changes
-2 . Made Changes
\ No newline at end of file
+2 . Made Changes ----   save

varad_ahirwadkar@ARPGL004752 MINGW64 ~/Desktop/git_demo (master)
$ git commit -m "v1.2: made changes and added one line "
[master f36fa6b] v1.2: made changes and added one line
 1 file changed, 3 insertions(+), 2 deletions(-)

varad_ahirwadkar@ARPGL004752 MINGW64 ~/Desktop/git_demo (master)
$
